[icc2-lic Fri Feb 13 01:52:41 2026] Command 'report_qor' requires licenses
[icc2-lic Fri Feb 13 01:52:41 2026] Attempting to check-out alternate set of keys directly with queueing
[icc2-lic Fri Feb 13 01:52:41 2026] Sending count request for 'ICCompilerII-8' 
[icc2-lic Fri Feb 13 01:52:41 2026] Count request for 'ICCompilerII-8' returned 1 
[icc2-lic Fri Feb 13 01:52:41 2026] Sending check-out request for 'ICCompilerII-8' (1) with wait option
[icc2-lic Fri Feb 13 01:52:41 2026] Check-out request for 'ICCompilerII-8' with wait option succeeded
[icc2-lic Fri Feb 13 01:52:41 2026] Sending checkout check request for 'ICCompilerII-8' 
[icc2-lic Fri Feb 13 01:52:41 2026] Checkout check request for 'ICCompilerII-8' returned 0 
[icc2-lic Fri Feb 13 01:52:41 2026] Sending count request for 'ICCompilerII-8' 
[icc2-lic Fri Feb 13 01:52:41 2026] Count request for 'ICCompilerII-8' returned 1 
[icc2-lic Fri Feb 13 01:52:41 2026] Sending count request for 'ICCompilerII-NX' 
[icc2-lic Fri Feb 13 01:52:41 2026] Count request for 'ICCompilerII-NX' returned 1 
[icc2-lic Fri Feb 13 01:52:41 2026] Sending check-out request for 'ICCompilerII-NX' (1) with wait option
[icc2-lic Fri Feb 13 01:52:41 2026] Check-out request for 'ICCompilerII-NX' with wait option succeeded
[icc2-lic Fri Feb 13 01:52:41 2026] Sending checkout check request for 'ICCompilerII-NX' 
[icc2-lic Fri Feb 13 01:52:41 2026] Checkout check request for 'ICCompilerII-NX' returned 0 
[icc2-lic Fri Feb 13 01:52:41 2026] Sending count request for 'ICCompilerII-NX' 
[icc2-lic Fri Feb 13 01:52:41 2026] Count request for 'ICCompilerII-NX' returned 1 
[icc2-lic Fri Feb 13 01:52:41 2026] Check-out of alternate set of keys directly with queueing was successful
****************************************
Report : qor
Design : Duplex
Version: U-2022.12-SP3
Date   : Fri Feb 13 01:52:41 2026
****************************************


Scenario           'Normal_Fast_HighV_HT'
Timing Path Group  '**in2reg_default**'
----------------------------------------
Levels of Logic:                      8
Critical Path Length:              2.86
Critical Path Slack:               7.01
Critical Path Clk Period:         10.00
Total Negative Slack:              0.00
No. of Violating Paths:               0
Worst Hold Violation:              0.00
Total Hold Violation:              0.00
No. of Hold Violations:               0
----------------------------------------

Scenario           'Normal_Fast_HighV_HT'
Timing Path Group  '**in2out_default**'
----------------------------------------
Levels of Logic:                      4
Critical Path Length:              2.64
Critical Path Slack:               4.76
Critical Path Clk Period:         10.00
Total Negative Slack:              0.00
No. of Violating Paths:               0
Worst Hold Violation:              0.00
Total Hold Violation:              0.00
No. of Hold Violations:               0
----------------------------------------

Scenario           'Normal_Fast_HighV_HT'
Timing Path Group  'clock'
----------------------------------------
Levels of Logic:                     14
Critical Path Length:              0.53
Critical Path Slack:               9.34
Critical Path Clk Period:         10.00
Total Negative Slack:              0.00
No. of Violating Paths:               0
Worst Hold Violation:              0.00
Total Hold Violation:              0.00
No. of Hold Violations:               0
----------------------------------------

Scenario           'Normal_Slow_LowV_LT'
Timing Path Group  '**in2reg_default**'
----------------------------------------
Levels of Logic:                      8
Critical Path Length:              5.13
Critical Path Slack:               4.43
Critical Path Clk Period:         10.00
Total Negative Slack:              0.00
No. of Violating Paths:               0
----------------------------------------

Scenario           'Normal_Slow_LowV_LT'
Timing Path Group  '**in2out_default**'
----------------------------------------
Levels of Logic:                      4
Critical Path Length:              3.41
Critical Path Slack:               3.99
Critical Path Clk Period:         10.00
Total Negative Slack:              0.00
No. of Violating Paths:               0
----------------------------------------

Scenario           'Normal_Slow_LowV_LT'
Timing Path Group  'clock'
----------------------------------------
Levels of Logic:                     14
Critical Path Length:              3.67
Critical Path Slack:               5.91
Critical Path Clk Period:         10.00
Total Negative Slack:              0.00
No. of Violating Paths:               0
----------------------------------------


Cell Count
----------------------------------------
Hierarchical Cell Count:             10
Hierarchical Port Count:            197
Leaf Cell Count:                    314
Buf/Inv Cell Count:                  46
Buf Cell Count:                       4
Inv Cell Count:                      42
CT Buf/Inv Cell Count:                0
Combinational Cell Count:           260
   Single-bit Isolation Cell Count:                        0
   Multi-bit Isolation Cell Count:                         0
   Isolation Cell Banking Ratio:                           0.00%
   Single-bit Level Shifter Cell Count:                    0
   Multi-bit Level Shifter Cell Count:                     0
   Level Shifter Cell Banking Ratio:                       0.00%
   Single-bit ELS Cell Count:                              0
   Multi-bit ELS Cell Count:                               0
   ELS Cell Banking Ratio:                                 0.00%
Sequential Cell Count:               54
   Integrated Clock-Gating Cell Count:                     0
   Sequential Macro Cell Count:                            0
   Single-bit Sequential Cell Count:                       54
   Multi-bit Sequential Cell Count:                        0
   Sequential Cell Banking Ratio:                          0.00%
   BitsPerflop:                                            1.00
Macro Count:                          0
----------------------------------------


Area
----------------------------------------
Combinational Area:              614.01
Noncombinational Area:           374.10
Buf/Inv Area:                     62.01
Total Buffer Area:                 8.64
Total Inverter Area:              53.37
Macro/Black Box Area:              0.00
Net Area:                             0
Net XLength:                    2174.10
Net YLength:                    1813.12
----------------------------------------
Cell Area (netlist):                            988.11
Cell Area (netlist and physical only):          988.11
Net Length:                     3987.21


Design Rules
----------------------------------------
Total Number of Nets:               364
Nets with Violations:                 0
Max Trans Violations:                 0
Max Cap Violations:                   0
----------------------------------------

1
