[icc2-lic Thu Feb 12 05:25:59 2026] Command 'report_timing' requires licenses
[icc2-lic Thu Feb 12 05:25:59 2026] Attempting to check-out alternate set of keys directly with queueing
[icc2-lic Thu Feb 12 05:25:59 2026] Sending count request for 'ICCompilerII-8' 
[icc2-lic Thu Feb 12 05:25:59 2026] Count request for 'ICCompilerII-8' returned 1 
[icc2-lic Thu Feb 12 05:25:59 2026] Sending check-out request for 'ICCompilerII-8' (1) with wait option
[icc2-lic Thu Feb 12 05:25:59 2026] Check-out request for 'ICCompilerII-8' with wait option succeeded
[icc2-lic Thu Feb 12 05:25:59 2026] Sending checkout check request for 'ICCompilerII-8' 
[icc2-lic Thu Feb 12 05:25:59 2026] Checkout check request for 'ICCompilerII-8' returned 0 
[icc2-lic Thu Feb 12 05:25:59 2026] Sending count request for 'ICCompilerII-8' 
[icc2-lic Thu Feb 12 05:25:59 2026] Count request for 'ICCompilerII-8' returned 1 
[icc2-lic Thu Feb 12 05:25:59 2026] Sending count request for 'ICCompilerII-NX' 
[icc2-lic Thu Feb 12 05:25:59 2026] Count request for 'ICCompilerII-NX' returned 1 
[icc2-lic Thu Feb 12 05:25:59 2026] Sending check-out request for 'ICCompilerII-NX' (1) with wait option
[icc2-lic Thu Feb 12 05:25:59 2026] Check-out request for 'ICCompilerII-NX' with wait option succeeded
[icc2-lic Thu Feb 12 05:25:59 2026] Sending checkout check request for 'ICCompilerII-NX' 
[icc2-lic Thu Feb 12 05:25:59 2026] Checkout check request for 'ICCompilerII-NX' returned 0 
[icc2-lic Thu Feb 12 05:25:59 2026] Sending count request for 'ICCompilerII-NX' 
[icc2-lic Thu Feb 12 05:25:59 2026] Count request for 'ICCompilerII-NX' returned 1 
[icc2-lic Thu Feb 12 05:25:59 2026] Check-out of alternate set of keys directly with queueing was successful
SI analysis is not enabled, so delta delays are unavailable.
****************************************
Report : timing
        -path_type full
        -delay_type max
        -max_paths 10
        -report_by design
        -input_pins
        -nets
        -transition_time
        -capacitance
        -crosstalk_delta
        -attributes
Design : Duplex
Version: U-2022.12-SP3
Date   : Thu Feb 12 05:25:59 2026
****************************************

  Startpoint: parity_type[0] (input port clocked by clock)
  Endpoint: error_flag[0] (output port clocked by clock)
  Mode: Normal
  Corner: Slow_LowV_LT
  Scenario: Normal_Slow_LowV_LT
  Path Group: **in2out_default**
  Path Type: max


Attributes
    b - black-box (unknown)
    s - size_only
    d - dont_touch
    u - dont_use
    g - generic
    h - hierarchical
    i - ideal
    n - noncombinational
    E - extracted timing model
    Q - Quick timing model


  Point                                          Fanout    Cap      Trans    Delta     Incr      Path       Attributes
  --------------------------------------------------------------------------------------------------------------------------
  clock clock (rise edge)                                                              0.00      0.00
  clock network delay (propagated)                                                     0.00      0.00
  input external delay                                                                 2.50      2.50 f
  parity_type[0] (in)                                                0.00              0.00      2.50 f
  parity_type[0] (net)                              1      0.92
  Reciever/Unit4/U7/A (INVX0_RVT)                                    0.00              0.00      2.50 f
  Reciever/Unit4/U7/Y (INVX0_RVT)                                    0.13              0.07      2.57 r
  Reciever/Unit4/n2 (net)                           2      2.37
  Reciever/Unit4/U12/A2 (NAND3X1_RVT)                                0.13              0.00      2.57 r
  Reciever/Unit4/U12/Y (NAND3X1_RVT)                                 0.06              0.30      2.87 f
  Reciever/Unit4/n6 (net)                           1      0.59
  Reciever/Unit4/U11/A2 (NAND3X1_RVT)                                0.06              0.00      2.87 f
  Reciever/Unit4/U11/Y (NAND3X1_RVT)                                 0.09              0.30      3.18 r
  Reciever/Unit4/n4 (net)                           1      1.63
  Reciever/Unit4/U10/A2 (AND2X1_RVT)                                 0.09              0.00      3.18 r
  Reciever/Unit4/U10/Y (AND2X1_RVT)                                  0.09              0.18      3.36 r
  Reciever/Unit4/error_flag[0] (net)                1      1.62
  error_flag[0] (out)                                                0.09              0.00      3.36 r
  data arrival time                                                                              3.36

  clock clock (rise edge)                                                             10.00     10.00
  clock network delay (propagated)                                                     0.00     10.00
  clock uncertainty                                                                   -0.10      9.90
  output external delay                                                               -2.50      7.40
  data required time                                                                             7.40
  --------------------------------------------------------------------------------------------------------------------------
  data required time                                                                             7.40
  data arrival time                                                                             -3.36
  --------------------------------------------------------------------------------------------------------------------------
  slack (MET)                                                                                    4.04



  Startpoint: baud_rate[1] (input port clocked by clock)
  Endpoint: Transmitter/Unit1/baud_clk_reg (rising edge-triggered flip-flop clocked by clock)
  Mode: Normal
  Corner: Slow_LowV_LT
  Scenario: Normal_Slow_LowV_LT
  Path Group: **in2reg_default**
  Path Type: max


Attributes
    b - black-box (unknown)
    s - size_only
    d - dont_touch
    u - dont_use
    g - generic
    h - hierarchical
    i - ideal
    n - noncombinational
    E - extracted timing model
    Q - Quick timing model


  Point                                          Fanout    Cap      Trans    Delta     Incr      Path       Attributes
  --------------------------------------------------------------------------------------------------------------------------
  clock clock (rise edge)                                                              0.00      0.00
  clock network delay (propagated)                                                     0.00      0.00
  input external delay                                                                 2.50      2.50 r
  baud_rate[1] (in)                                                  0.00              0.00      2.50 r
  baud_rate[1] (net)                                6      5.49
  Transmitter/Unit1/U3/A (INVX0_RVT)                                 0.00              0.00      2.50 r
  Transmitter/Unit1/U3/Y (INVX0_RVT)                                 0.03              0.02      2.52 f
  Transmitter/Unit1/n2 (net)                        2      0.99
  Transmitter/Unit1/U47/A2 (NAND2X0_RVT)                             0.03              0.00      2.52 f
  Transmitter/Unit1/U47/Y (NAND2X0_RVT)                              0.62              0.36      2.88 r
  Transmitter/Unit1/n24 (net)                       6      6.43
  Transmitter/Unit1/U36/A1 (AND2X1_RVT)                              0.62              0.00      2.88 r
  Transmitter/Unit1/U36/Y (AND2X1_RVT)                               0.16              0.38      3.27 r
  Transmitter/Unit1/n31 (net)                       2      2.85
  Transmitter/Unit1/U12/A2 (XOR2X1_RVT)                              0.16              0.00      3.27 r
  Transmitter/Unit1/U12/Y (XOR2X1_RVT)                               0.13              0.49      3.76 f
  Transmitter/Unit1/n27 (net)                       1      0.54
  Transmitter/Unit1/U34/A1 (AND4X1_RVT)                              0.13              0.00      3.76 f
  Transmitter/Unit1/U34/Y (AND4X1_RVT)                               0.14              0.33      4.08 f
  Transmitter/Unit1/n18_CDR1 (net)                  1      1.14
  Transmitter/Unit1/U33/A4 (NAND4X0_RVT)                             0.14              0.00      4.08 f
  Transmitter/Unit1/U33/Y (NAND4X0_RVT)                              0.16              0.19      4.27 r
  Transmitter/Unit1/n14_CDR1 (net)                  1      0.84
  Transmitter/Unit1/U32/A3 (OR3X4_RVT)                               0.16              0.00      4.27 r
  Transmitter/Unit1/U32/Y (OR3X4_RVT)                                0.13              0.39      4.66 r
  Transmitter/Unit1/n11 (net)                      15     14.25
  Transmitter/Unit1/U4/A2 (XNOR2X1_RVT)                              0.13              0.00      4.67 r
  Transmitter/Unit1/U4/Y (XNOR2X1_RVT)                               0.11              0.43      5.10 f
  Transmitter/Unit1/N46 (net)                       1      0.64
  Transmitter/Unit1/baud_clk_reg/D (DFFARX1_RVT)                     0.11              0.00      5.10 f    s, n
  data arrival time                                                                              5.10

  clock clock (rise edge)                                                             10.00     10.00
  clock network delay (propagated)                                                     0.00     10.00
  Transmitter/Unit1/baud_clk_reg/CLK (DFFARX1_RVT)                   0.00              0.00     10.00 r    s, n
  clock uncertainty                                                                   -0.10      9.90
  library setup time                                                                  -0.34      9.56
  data required time                                                                             9.56
  --------------------------------------------------------------------------------------------------------------------------
  data required time                                                                             9.56
  data arrival time                                                                             -5.10
  --------------------------------------------------------------------------------------------------------------------------
  slack (MET)                                                                                    4.46



  Startpoint: baud_rate[1] (input port clocked by clock)
  Endpoint: Reciever/Unit1/baud_clk_reg (rising edge-triggered flip-flop clocked by clock)
  Mode: Normal
  Corner: Slow_LowV_LT
  Scenario: Normal_Slow_LowV_LT
  Path Group: **in2reg_default**
  Path Type: max


Attributes
    b - black-box (unknown)
    s - size_only
    d - dont_touch
    u - dont_use
    g - generic
    h - hierarchical
    i - ideal
    n - noncombinational
    E - extracted timing model
    Q - Quick timing model


  Point                                          Fanout    Cap      Trans    Delta     Incr      Path       Attributes
  --------------------------------------------------------------------------------------------------------------------------
  clock clock (rise edge)                                                              0.00      0.00
  clock network delay (propagated)                                                     0.00      0.00
  input external delay                                                                 2.50      2.50 r
  baud_rate[1] (in)                                                  0.00              0.00      2.50 r
  baud_rate[1] (net)                                6      5.49
  Reciever/Unit1/U11/A (INVX0_RVT)                                   0.00              0.00      2.50 r
  Reciever/Unit1/U11/Y (INVX0_RVT)                                   0.04              0.03      2.53 f
  Reciever/Unit1/n2 (net)                           2      1.36
  Reciever/Unit1/U36/A2 (NAND2X0_RVT)                                0.04              0.00      2.53 f
  Reciever/Unit1/U36/Y (NAND2X0_RVT)                                 0.40              0.25      2.78 r
  Reciever/Unit1/n15 (net)                          4      3.83
  Reciever/Unit1/U34/A1 (AND2X1_RVT)                                 0.40              0.00      2.78 r
  Reciever/Unit1/U34/Y (AND2X1_RVT)                                  0.13              0.31      3.09 r
  Reciever/Unit1/n26 (net)                          3      2.60
  Reciever/Unit1/U8/A2 (XOR2X1_RVT)                                  0.13              0.00      3.09 r
  Reciever/Unit1/U8/Y (XOR2X1_RVT)                                   0.13              0.48      3.58 f
  Reciever/Unit1/n22 (net)                          1      0.69
  Reciever/Unit1/ctmTdsLR_3_288/A5 (OA221X1_RVT)                     0.13              0.00      3.58 f
  Reciever/Unit1/ctmTdsLR_3_288/Y (OA221X1_RVT)                      0.13              0.26      3.84 f
  Reciever/Unit1/tmp_net2_CDR1 (net)                1      0.45
  Reciever/Unit1/ctmTdsLR_5_290/A1 (AND4X1_RVT)                      0.13              0.00      3.84 f
  Reciever/Unit1/ctmTdsLR_5_290/Y (AND4X1_RVT)                       0.14              0.32      4.16 f
  Reciever/Unit1/n11_CDR2 (net)                     1      0.82
  Reciever/Unit1/U4/A4 (NAND4X0_RVT)                                 0.14              0.00      4.16 f
  Reciever/Unit1/U4/Y (NAND4X0_RVT)                                  0.16              0.19      4.35 r
  Reciever/Unit1/n7 (net)                           1      0.93
  Reciever/Unit1/HFSBUF_344_0/A (NBUFFX2_RVT)                        0.16              0.00      4.35 r
  Reciever/Unit1/HFSBUF_344_0/Y (NBUFFX2_RVT)                        0.19              0.25      4.60 r
  Reciever/Unit1/HFSNET_0 (net)                    11     10.76
  Reciever/Unit1/U3/A2 (XNOR2X1_RVT)                                 0.19              0.00      4.60 r
  Reciever/Unit1/U3/Y (XNOR2X1_RVT)                                  0.11              0.47      5.07 f
  Reciever/Unit1/N28 (net)                          1      0.72
  Reciever/Unit1/baud_clk_reg/D (DFFARX1_RVT)                        0.11              0.00      5.07 f    s, n
  data arrival time                                                                              5.07

  clock clock (rise edge)                                                             10.00     10.00
  clock network delay (propagated)                                                     0.00     10.00
  Reciever/Unit1/baud_clk_reg/CLK (DFFARX1_RVT)                      0.00              0.00     10.00 r    s, n
  clock uncertainty                                                                   -0.10      9.90
  library setup time                                                                  -0.34      9.56
  data required time                                                                             9.56
  --------------------------------------------------------------------------------------------------------------------------
  data required time                                                                             9.56
  data arrival time                                                                             -5.07
  --------------------------------------------------------------------------------------------------------------------------
  slack (MET)                                                                                    4.50



  Startpoint: baud_rate[1] (input port clocked by clock)
  Endpoint: Transmitter/Unit1/clock_ticks_reg[13] (rising edge-triggered flip-flop clocked by clock)
  Mode: Normal
  Corner: Slow_LowV_LT
  Scenario: Normal_Slow_LowV_LT
  Path Group: **in2reg_default**
  Path Type: max


Attributes
    b - black-box (unknown)
    s - size_only
    d - dont_touch
    u - dont_use
    g - generic
    h - hierarchical
    i - ideal
    n - noncombinational
    E - extracted timing model
    Q - Quick timing model


  Point                                          Fanout    Cap      Trans    Delta     Incr      Path       Attributes
  --------------------------------------------------------------------------------------------------------------------------
  clock clock (rise edge)                                                              0.00      0.00
  clock network delay (propagated)                                                     0.00      0.00
  input external delay                                                                 2.50      2.50 f
  baud_rate[1] (in)                                                  0.00              0.00      2.50 f
  baud_rate[1] (net)                                6      5.01
  Transmitter/Unit1/U3/A (INVX0_RVT)                                 0.00              0.00      2.50 f
  Transmitter/Unit1/U3/Y (INVX0_RVT)                                 0.08              0.04      2.54 r
  Transmitter/Unit1/n2 (net)                        2      1.13
  Transmitter/Unit1/U47/A2 (NAND2X0_RVT)                             0.08              0.00      2.54 r
  Transmitter/Unit1/U47/Y (NAND2X0_RVT)                              0.34              0.28      2.82 f
  Transmitter/Unit1/n24 (net)                       6      5.84
  Transmitter/Unit1/U46/A2 (AND2X1_RVT)                              0.34              0.00      2.82 f
  Transmitter/Unit1/U46/Y (AND2X1_RVT)                               0.08              0.37      3.19 f
  Transmitter/Unit1/n38 (net)                       1      0.86
  Transmitter/Unit1/U44/A1 (AO221X1_RVT)                             0.08              0.00      3.19 f
  Transmitter/Unit1/U44/Y (AO221X1_RVT)                              0.11              0.43      3.62 f
  Transmitter/Unit1/n33 (net)                       1      0.69
  Transmitter/Unit1/U38/A1 (AO221X1_RVT)                             0.11              0.00      3.62 f
  Transmitter/Unit1/U38/Y (AO221X1_RVT)                              0.12              0.46      4.08 f
  Transmitter/Unit1/n12 (net)                       1      1.03
  Transmitter/Unit1/U32/A1 (OR3X4_RVT)                               0.12              0.00      4.08 f
  Transmitter/Unit1/U32/Y (OR3X4_RVT)                                0.10              0.54      4.61 f
  Transmitter/Unit1/n11 (net)                      15     13.10
  Transmitter/Unit1/U18/A2 (AND2X1_RVT)                              0.10              0.00      4.61 f
  Transmitter/Unit1/U18/Y (AND2X1_RVT)                               0.07              0.20      4.81 f
  Transmitter/Unit1/N45 (net)                       1      0.94
  Transmitter/Unit1/clock_ticks_reg[13]/D (DFFASRX1_RVT)             0.07              0.00      4.81 f    s, n
  data arrival time                                                                              4.81

  clock clock (rise edge)                                                             10.00     10.00
  clock network delay (propagated)                                                     0.00     10.00
  Transmitter/Unit1/clock_ticks_reg[13]/CLK (DFFASRX1_RVT)           0.00              0.00     10.00 r    s, n
  clock uncertainty                                                                   -0.10      9.90
  library setup time                                                                  -0.33      9.57
  data required time                                                                             9.57
  --------------------------------------------------------------------------------------------------------------------------
  data required time                                                                             9.57
  data arrival time                                                                             -4.81
  --------------------------------------------------------------------------------------------------------------------------
  slack (MET)                                                                                    4.76



  Startpoint: baud_rate[1] (input port clocked by clock)
  Endpoint: Transmitter/Unit1/clock_ticks_reg[1] (rising edge-triggered flip-flop clocked by clock)
  Mode: Normal
  Corner: Slow_LowV_LT
  Scenario: Normal_Slow_LowV_LT
  Path Group: **in2reg_default**
  Path Type: max


Attributes
    b - black-box (unknown)
    s - size_only
    d - dont_touch
    u - dont_use
    g - generic
    h - hierarchical
    i - ideal
    n - noncombinational
    E - extracted timing model
    Q - Quick timing model


  Point                                          Fanout    Cap      Trans    Delta     Incr      Path       Attributes
  --------------------------------------------------------------------------------------------------------------------------
  clock clock (rise edge)                                                              0.00      0.00
  clock network delay (propagated)                                                     0.00      0.00
  input external delay                                                                 2.50      2.50 f
  baud_rate[1] (in)                                                  0.00              0.00      2.50 f
  baud_rate[1] (net)                                6      5.01
  Transmitter/Unit1/U3/A (INVX0_RVT)                                 0.00              0.00      2.50 f
  Transmitter/Unit1/U3/Y (INVX0_RVT)                                 0.08              0.04      2.54 r
  Transmitter/Unit1/n2 (net)                        2      1.13
  Transmitter/Unit1/U47/A2 (NAND2X0_RVT)                             0.08              0.00      2.54 r
  Transmitter/Unit1/U47/Y (NAND2X0_RVT)                              0.34              0.28      2.82 f
  Transmitter/Unit1/n24 (net)                       6      5.84
  Transmitter/Unit1/U46/A2 (AND2X1_RVT)                              0.34              0.00      2.82 f
  Transmitter/Unit1/U46/Y (AND2X1_RVT)                               0.08              0.37      3.19 f
  Transmitter/Unit1/n38 (net)                       1      0.86
  Transmitter/Unit1/U44/A1 (AO221X1_RVT)                             0.08              0.00      3.19 f
  Transmitter/Unit1/U44/Y (AO221X1_RVT)                              0.11              0.43      3.62 f
  Transmitter/Unit1/n33 (net)                       1      0.69
  Transmitter/Unit1/U38/A1 (AO221X1_RVT)                             0.11              0.00      3.62 f
  Transmitter/Unit1/U38/Y (AO221X1_RVT)                              0.12              0.46      4.08 f
  Transmitter/Unit1/n12 (net)                       1      1.03
  Transmitter/Unit1/U32/A1 (OR3X4_RVT)                               0.12              0.00      4.08 f
  Transmitter/Unit1/U32/Y (OR3X4_RVT)                                0.10              0.54      4.61 f
  Transmitter/Unit1/n11 (net)                      15     13.10
  Transmitter/Unit1/U30/A2 (AND2X1_RVT)                              0.10              0.00      4.61 f
  Transmitter/Unit1/U30/Y (AND2X1_RVT)                               0.07              0.19      4.81 f
  Transmitter/Unit1/N33 (net)                       1      0.85
  Transmitter/Unit1/clock_ticks_reg[1]/D (DFFARX1_RVT)               0.07              0.00      4.81 f    s, n
  data arrival time                                                                              4.81

  clock clock (rise edge)                                                             10.00     10.00
  clock network delay (propagated)                                                     0.00     10.00
  Transmitter/Unit1/clock_ticks_reg[1]/CLK (DFFARX1_RVT)             0.00              0.00     10.00 r    s, n
  clock uncertainty                                                                   -0.10      9.90
  library setup time                                                                  -0.31      9.59
  data required time                                                                             9.59
  --------------------------------------------------------------------------------------------------------------------------
  data required time                                                                             9.59
  data arrival time                                                                             -4.81
  --------------------------------------------------------------------------------------------------------------------------
  slack (MET)                                                                                    4.79



  Startpoint: baud_rate[1] (input port clocked by clock)
  Endpoint: Transmitter/Unit1/clock_ticks_reg[12] (rising edge-triggered flip-flop clocked by clock)
  Mode: Normal
  Corner: Slow_LowV_LT
  Scenario: Normal_Slow_LowV_LT
  Path Group: **in2reg_default**
  Path Type: max


Attributes
    b - black-box (unknown)
    s - size_only
    d - dont_touch
    u - dont_use
    g - generic
    h - hierarchical
    i - ideal
    n - noncombinational
    E - extracted timing model
    Q - Quick timing model


  Point                                          Fanout    Cap      Trans    Delta     Incr      Path       Attributes
  --------------------------------------------------------------------------------------------------------------------------
  clock clock (rise edge)                                                              0.00      0.00
  clock network delay (propagated)                                                     0.00      0.00
  input external delay                                                                 2.50      2.50 f
  baud_rate[1] (in)                                                  0.00              0.00      2.50 f
  baud_rate[1] (net)                                6      5.01
  Transmitter/Unit1/U3/A (INVX0_RVT)                                 0.00              0.00      2.50 f
  Transmitter/Unit1/U3/Y (INVX0_RVT)                                 0.08              0.04      2.54 r
  Transmitter/Unit1/n2 (net)                        2      1.13
  Transmitter/Unit1/U47/A2 (NAND2X0_RVT)                             0.08              0.00      2.54 r
  Transmitter/Unit1/U47/Y (NAND2X0_RVT)                              0.34              0.28      2.82 f
  Transmitter/Unit1/n24 (net)                       6      5.84
  Transmitter/Unit1/U46/A2 (AND2X1_RVT)                              0.34              0.00      2.82 f
  Transmitter/Unit1/U46/Y (AND2X1_RVT)                               0.08              0.37      3.19 f
  Transmitter/Unit1/n38 (net)                       1      0.86
  Transmitter/Unit1/U44/A1 (AO221X1_RVT)                             0.08              0.00      3.19 f
  Transmitter/Unit1/U44/Y (AO221X1_RVT)                              0.11              0.43      3.62 f
  Transmitter/Unit1/n33 (net)                       1      0.69
  Transmitter/Unit1/U38/A1 (AO221X1_RVT)                             0.11              0.00      3.62 f
  Transmitter/Unit1/U38/Y (AO221X1_RVT)                              0.12              0.46      4.08 f
  Transmitter/Unit1/n12 (net)                       1      1.03
  Transmitter/Unit1/U32/A1 (OR3X4_RVT)                               0.12              0.00      4.08 f
  Transmitter/Unit1/U32/Y (OR3X4_RVT)                                0.10              0.54      4.61 f
  Transmitter/Unit1/n11 (net)                      15     13.10
  Transmitter/Unit1/U19/A2 (AND2X1_RVT)                              0.10              0.00      4.61 f
  Transmitter/Unit1/U19/Y (AND2X1_RVT)                               0.07              0.19      4.81 f
  Transmitter/Unit1/N44 (net)                       1      0.84
  Transmitter/Unit1/clock_ticks_reg[12]/D (DFFARX1_RVT)              0.07              0.00      4.81 f    s, n
  data arrival time                                                                              4.81

  clock clock (rise edge)                                                             10.00     10.00
  clock network delay (propagated)                                                     0.00     10.00
  Transmitter/Unit1/clock_ticks_reg[12]/CLK (DFFARX1_RVT)            0.00              0.00     10.00 r    s, n
  clock uncertainty                                                                   -0.10      9.90
  library setup time                                                                  -0.31      9.59
  data required time                                                                             9.59
  --------------------------------------------------------------------------------------------------------------------------
  data required time                                                                             9.59
  data arrival time                                                                             -4.81
  --------------------------------------------------------------------------------------------------------------------------
  slack (MET)                                                                                    4.79



  Startpoint: baud_rate[1] (input port clocked by clock)
  Endpoint: Transmitter/Unit1/clock_ticks_reg[6] (rising edge-triggered flip-flop clocked by clock)
  Mode: Normal
  Corner: Slow_LowV_LT
  Scenario: Normal_Slow_LowV_LT
  Path Group: **in2reg_default**
  Path Type: max


Attributes
    b - black-box (unknown)
    s - size_only
    d - dont_touch
    u - dont_use
    g - generic
    h - hierarchical
    i - ideal
    n - noncombinational
    E - extracted timing model
    Q - Quick timing model


  Point                                          Fanout    Cap      Trans    Delta     Incr      Path       Attributes
  --------------------------------------------------------------------------------------------------------------------------
  clock clock (rise edge)                                                              0.00      0.00
  clock network delay (propagated)                                                     0.00      0.00
  input external delay                                                                 2.50      2.50 f
  baud_rate[1] (in)                                                  0.00              0.00      2.50 f
  baud_rate[1] (net)                                6      5.01
  Transmitter/Unit1/U3/A (INVX0_RVT)                                 0.00              0.00      2.50 f
  Transmitter/Unit1/U3/Y (INVX0_RVT)                                 0.08              0.04      2.54 r
  Transmitter/Unit1/n2 (net)                        2      1.13
  Transmitter/Unit1/U47/A2 (NAND2X0_RVT)                             0.08              0.00      2.54 r
  Transmitter/Unit1/U47/Y (NAND2X0_RVT)                              0.34              0.28      2.82 f
  Transmitter/Unit1/n24 (net)                       6      5.84
  Transmitter/Unit1/U46/A2 (AND2X1_RVT)                              0.34              0.00      2.82 f
  Transmitter/Unit1/U46/Y (AND2X1_RVT)                               0.08              0.37      3.19 f
  Transmitter/Unit1/n38 (net)                       1      0.86
  Transmitter/Unit1/U44/A1 (AO221X1_RVT)                             0.08              0.00      3.19 f
  Transmitter/Unit1/U44/Y (AO221X1_RVT)                              0.11              0.43      3.62 f
  Transmitter/Unit1/n33 (net)                       1      0.69
  Transmitter/Unit1/U38/A1 (AO221X1_RVT)                             0.11              0.00      3.62 f
  Transmitter/Unit1/U38/Y (AO221X1_RVT)                              0.12              0.46      4.08 f
  Transmitter/Unit1/n12 (net)                       1      1.03
  Transmitter/Unit1/U32/A1 (OR3X4_RVT)                               0.12              0.00      4.08 f
  Transmitter/Unit1/U32/Y (OR3X4_RVT)                                0.10              0.54      4.61 f
  Transmitter/Unit1/n11 (net)                      15     13.10
  Transmitter/Unit1/U25/A2 (AND2X1_RVT)                              0.10              0.00      4.61 f
  Transmitter/Unit1/U25/Y (AND2X1_RVT)                               0.07              0.19      4.81 f
  Transmitter/Unit1/N38 (net)                       1      0.81
  Transmitter/Unit1/clock_ticks_reg[6]/D (DFFARX1_RVT)               0.07              0.00      4.81 f    s, n
  data arrival time                                                                              4.81

  clock clock (rise edge)                                                             10.00     10.00
  clock network delay (propagated)                                                     0.00     10.00
  Transmitter/Unit1/clock_ticks_reg[6]/CLK (DFFARX1_RVT)             0.00              0.00     10.00 r    s, n
  clock uncertainty                                                                   -0.10      9.90
  library setup time                                                                  -0.31      9.59
  data required time                                                                             9.59
  --------------------------------------------------------------------------------------------------------------------------
  data required time                                                                             9.59
  data arrival time                                                                             -4.81
  --------------------------------------------------------------------------------------------------------------------------
  slack (MET)                                                                                    4.79



  Startpoint: baud_rate[1] (input port clocked by clock)
  Endpoint: Transmitter/Unit1/clock_ticks_reg[4] (rising edge-triggered flip-flop clocked by clock)
  Mode: Normal
  Corner: Slow_LowV_LT
  Scenario: Normal_Slow_LowV_LT
  Path Group: **in2reg_default**
  Path Type: max


Attributes
    b - black-box (unknown)
    s - size_only
    d - dont_touch
    u - dont_use
    g - generic
    h - hierarchical
    i - ideal
    n - noncombinational
    E - extracted timing model
    Q - Quick timing model


  Point                                          Fanout    Cap      Trans    Delta     Incr      Path       Attributes
  --------------------------------------------------------------------------------------------------------------------------
  clock clock (rise edge)                                                              0.00      0.00
  clock network delay (propagated)                                                     0.00      0.00
  input external delay                                                                 2.50      2.50 f
  baud_rate[1] (in)                                                  0.00              0.00      2.50 f
  baud_rate[1] (net)                                6      5.01
  Transmitter/Unit1/U3/A (INVX0_RVT)                                 0.00              0.00      2.50 f
  Transmitter/Unit1/U3/Y (INVX0_RVT)                                 0.08              0.04      2.54 r
  Transmitter/Unit1/n2 (net)                        2      1.13
  Transmitter/Unit1/U47/A2 (NAND2X0_RVT)                             0.08              0.00      2.54 r
  Transmitter/Unit1/U47/Y (NAND2X0_RVT)                              0.34              0.28      2.82 f
  Transmitter/Unit1/n24 (net)                       6      5.84
  Transmitter/Unit1/U46/A2 (AND2X1_RVT)                              0.34              0.00      2.82 f
  Transmitter/Unit1/U46/Y (AND2X1_RVT)                               0.08              0.37      3.19 f
  Transmitter/Unit1/n38 (net)                       1      0.86
  Transmitter/Unit1/U44/A1 (AO221X1_RVT)                             0.08              0.00      3.19 f
  Transmitter/Unit1/U44/Y (AO221X1_RVT)                              0.11              0.43      3.62 f
  Transmitter/Unit1/n33 (net)                       1      0.69
  Transmitter/Unit1/U38/A1 (AO221X1_RVT)                             0.11              0.00      3.62 f
  Transmitter/Unit1/U38/Y (AO221X1_RVT)                              0.12              0.46      4.08 f
  Transmitter/Unit1/n12 (net)                       1      1.03
  Transmitter/Unit1/U32/A1 (OR3X4_RVT)                               0.12              0.00      4.08 f
  Transmitter/Unit1/U32/Y (OR3X4_RVT)                                0.10              0.54      4.61 f
  Transmitter/Unit1/n11 (net)                      15     13.10
  Transmitter/Unit1/U27/A2 (AND2X1_RVT)                              0.10              0.00      4.61 f
  Transmitter/Unit1/U27/Y (AND2X1_RVT)                               0.07              0.19      4.81 f
  Transmitter/Unit1/N36 (net)                       1      0.80
  Transmitter/Unit1/clock_ticks_reg[4]/D (DFFARX1_RVT)               0.07              0.00      4.81 f    s, n
  data arrival time                                                                              4.81

  clock clock (rise edge)                                                             10.00     10.00
  clock network delay (propagated)                                                     0.00     10.00
  Transmitter/Unit1/clock_ticks_reg[4]/CLK (DFFARX1_RVT)             0.00              0.00     10.00 r    s, n
  clock uncertainty                                                                   -0.10      9.90
  library setup time                                                                  -0.31      9.59
  data required time                                                                             9.59
  --------------------------------------------------------------------------------------------------------------------------
  data required time                                                                             9.59
  data arrival time                                                                             -4.81
  --------------------------------------------------------------------------------------------------------------------------
  slack (MET)                                                                                    4.79



  Startpoint: baud_rate[1] (input port clocked by clock)
  Endpoint: Transmitter/Unit1/clock_ticks_reg[3] (rising edge-triggered flip-flop clocked by clock)
  Mode: Normal
  Corner: Slow_LowV_LT
  Scenario: Normal_Slow_LowV_LT
  Path Group: **in2reg_default**
  Path Type: max


Attributes
    b - black-box (unknown)
    s - size_only
    d - dont_touch
    u - dont_use
    g - generic
    h - hierarchical
    i - ideal
    n - noncombinational
    E - extracted timing model
    Q - Quick timing model


  Point                                          Fanout    Cap      Trans    Delta     Incr      Path       Attributes
  --------------------------------------------------------------------------------------------------------------------------
  clock clock (rise edge)                                                              0.00      0.00
  clock network delay (propagated)                                                     0.00      0.00
  input external delay                                                                 2.50      2.50 f
  baud_rate[1] (in)                                                  0.00              0.00      2.50 f
  baud_rate[1] (net)                                6      5.01
  Transmitter/Unit1/U3/A (INVX0_RVT)                                 0.00              0.00      2.50 f
  Transmitter/Unit1/U3/Y (INVX0_RVT)                                 0.08              0.04      2.54 r
  Transmitter/Unit1/n2 (net)                        2      1.13
  Transmitter/Unit1/U47/A2 (NAND2X0_RVT)                             0.08              0.00      2.54 r
  Transmitter/Unit1/U47/Y (NAND2X0_RVT)                              0.34              0.28      2.82 f
  Transmitter/Unit1/n24 (net)                       6      5.84
  Transmitter/Unit1/U46/A2 (AND2X1_RVT)                              0.34              0.00      2.82 f
  Transmitter/Unit1/U46/Y (AND2X1_RVT)                               0.08              0.37      3.19 f
  Transmitter/Unit1/n38 (net)                       1      0.86
  Transmitter/Unit1/U44/A1 (AO221X1_RVT)                             0.08              0.00      3.19 f
  Transmitter/Unit1/U44/Y (AO221X1_RVT)                              0.11              0.43      3.62 f
  Transmitter/Unit1/n33 (net)                       1      0.69
  Transmitter/Unit1/U38/A1 (AO221X1_RVT)                             0.11              0.00      3.62 f
  Transmitter/Unit1/U38/Y (AO221X1_RVT)                              0.12              0.46      4.08 f
  Transmitter/Unit1/n12 (net)                       1      1.03
  Transmitter/Unit1/U32/A1 (OR3X4_RVT)                               0.12              0.00      4.08 f
  Transmitter/Unit1/U32/Y (OR3X4_RVT)                                0.10              0.54      4.61 f
  Transmitter/Unit1/n11 (net)                      15     13.10
  Transmitter/Unit1/U28/A2 (AND2X1_RVT)                              0.10              0.00      4.61 f
  Transmitter/Unit1/U28/Y (AND2X1_RVT)                               0.07              0.19      4.81 f
  Transmitter/Unit1/N35 (net)                       1      0.81
  Transmitter/Unit1/clock_ticks_reg[3]/D (DFFARX1_RVT)               0.07              0.00      4.81 f    s, n
  data arrival time                                                                              4.81

  clock clock (rise edge)                                                             10.00     10.00
  clock network delay (propagated)                                                     0.00     10.00
  Transmitter/Unit1/clock_ticks_reg[3]/CLK (DFFARX1_RVT)             0.00              0.00     10.00 r    s, n
  clock uncertainty                                                                   -0.10      9.90
  library setup time                                                                  -0.31      9.59
  data required time                                                                             9.59
  --------------------------------------------------------------------------------------------------------------------------
  data required time                                                                             9.59
  data arrival time                                                                             -4.81
  --------------------------------------------------------------------------------------------------------------------------
  slack (MET)                                                                                    4.79



  Startpoint: baud_rate[1] (input port clocked by clock)
  Endpoint: Transmitter/Unit1/clock_ticks_reg[9] (rising edge-triggered flip-flop clocked by clock)
  Mode: Normal
  Corner: Slow_LowV_LT
  Scenario: Normal_Slow_LowV_LT
  Path Group: **in2reg_default**
  Path Type: max


Attributes
    b - black-box (unknown)
    s - size_only
    d - dont_touch
    u - dont_use
    g - generic
    h - hierarchical
    i - ideal
    n - noncombinational
    E - extracted timing model
    Q - Quick timing model


  Point                                          Fanout    Cap      Trans    Delta     Incr      Path       Attributes
  --------------------------------------------------------------------------------------------------------------------------
  clock clock (rise edge)                                                              0.00      0.00
  clock network delay (propagated)                                                     0.00      0.00
  input external delay                                                                 2.50      2.50 f
  baud_rate[1] (in)                                                  0.00              0.00      2.50 f
  baud_rate[1] (net)                                6      5.01
  Transmitter/Unit1/U3/A (INVX0_RVT)                                 0.00              0.00      2.50 f
  Transmitter/Unit1/U3/Y (INVX0_RVT)                                 0.08              0.04      2.54 r
  Transmitter/Unit1/n2 (net)                        2      1.13
  Transmitter/Unit1/U47/A2 (NAND2X0_RVT)                             0.08              0.00      2.54 r
  Transmitter/Unit1/U47/Y (NAND2X0_RVT)                              0.34              0.28      2.82 f
  Transmitter/Unit1/n24 (net)                       6      5.84
  Transmitter/Unit1/U46/A2 (AND2X1_RVT)                              0.34              0.00      2.82 f
  Transmitter/Unit1/U46/Y (AND2X1_RVT)                               0.08              0.37      3.19 f
  Transmitter/Unit1/n38 (net)                       1      0.86
  Transmitter/Unit1/U44/A1 (AO221X1_RVT)                             0.08              0.00      3.19 f
  Transmitter/Unit1/U44/Y (AO221X1_RVT)                              0.11              0.43      3.62 f
  Transmitter/Unit1/n33 (net)                       1      0.69
  Transmitter/Unit1/U38/A1 (AO221X1_RVT)                             0.11              0.00      3.62 f
  Transmitter/Unit1/U38/Y (AO221X1_RVT)                              0.12              0.46      4.08 f
  Transmitter/Unit1/n12 (net)                       1      1.03
  Transmitter/Unit1/U32/A1 (OR3X4_RVT)                               0.12              0.00      4.08 f
  Transmitter/Unit1/U32/Y (OR3X4_RVT)                                0.10              0.54      4.61 f
  Transmitter/Unit1/n11 (net)                      15     13.10
  Transmitter/Unit1/U22/A2 (AND2X1_RVT)                              0.10              0.00      4.61 f
  Transmitter/Unit1/U22/Y (AND2X1_RVT)                               0.07              0.19      4.81 f
  Transmitter/Unit1/N41 (net)                       1      0.80
  Transmitter/Unit1/clock_ticks_reg[9]/D (DFFARX1_RVT)               0.07              0.00      4.81 f    s, n
  data arrival time                                                                              4.81

  clock clock (rise edge)                                                             10.00     10.00
  clock network delay (propagated)                                                     0.00     10.00
  Transmitter/Unit1/clock_ticks_reg[9]/CLK (DFFARX1_RVT)             0.00              0.00     10.00 r    s, n
  clock uncertainty                                                                   -0.10      9.90
  library setup time                                                                  -0.31      9.59
  data required time                                                                             9.59
  --------------------------------------------------------------------------------------------------------------------------
  data required time                                                                             9.59
  data arrival time                                                                             -4.81
  --------------------------------------------------------------------------------------------------------------------------
  slack (MET)                                                                                    4.79


1
