[icc2-lic Fri Feb 13 01:52:42 2026] Command 'check_routes' requires licenses
[icc2-lic Fri Feb 13 01:52:42 2026] Attempting to check-out alternate set of keys directly with queueing
[icc2-lic Fri Feb 13 01:52:42 2026] Sending count request for 'ICCompilerII-8' 
[icc2-lic Fri Feb 13 01:52:42 2026] Count request for 'ICCompilerII-8' returned 1 
[icc2-lic Fri Feb 13 01:52:42 2026] Sending check-out request for 'ICCompilerII-8' (1) with wait option
[icc2-lic Fri Feb 13 01:52:42 2026] Check-out request for 'ICCompilerII-8' with wait option succeeded
[icc2-lic Fri Feb 13 01:52:42 2026] Sending checkout check request for 'ICCompilerII-8' 
[icc2-lic Fri Feb 13 01:52:42 2026] Checkout check request for 'ICCompilerII-8' returned 0 
[icc2-lic Fri Feb 13 01:52:42 2026] Sending count request for 'ICCompilerII-8' 
[icc2-lic Fri Feb 13 01:52:42 2026] Count request for 'ICCompilerII-8' returned 1 
[icc2-lic Fri Feb 13 01:52:42 2026] Sending count request for 'ICCompilerII-NX' 
[icc2-lic Fri Feb 13 01:52:42 2026] Count request for 'ICCompilerII-NX' returned 1 
[icc2-lic Fri Feb 13 01:52:42 2026] Sending check-out request for 'ICCompilerII-NX' (1) with wait option
[icc2-lic Fri Feb 13 01:52:42 2026] Check-out request for 'ICCompilerII-NX' with wait option succeeded
[icc2-lic Fri Feb 13 01:52:42 2026] Sending checkout check request for 'ICCompilerII-NX' 
[icc2-lic Fri Feb 13 01:52:42 2026] Checkout check request for 'ICCompilerII-NX' returned 0 
[icc2-lic Fri Feb 13 01:52:42 2026] Sending count request for 'ICCompilerII-NX' 
[icc2-lic Fri Feb 13 01:52:42 2026] Count request for 'ICCompilerII-NX' returned 1 
[icc2-lic Fri Feb 13 01:52:42 2026] Check-out of alternate set of keys directly with queueing was successful
Information: The command 'check_routes' cleared the undo history. (UNDO-016)
Cell Min-Routing-Layer = M2
Cell Max-Routing-Layer = M5
Turn off antenna since no rule is specified
Information: Option route.detail.force_end_on_preferred_grid will be ignored since none of the layers have preferred grid. (ZRT-703)
Warning: Cannot find a default contact code for layer CO. (ZRT-022)
Info: number of net_type_blockage: 0 
Information: Via ladder engine would be activated for pattern must join connection in certain commands. Please refer to man-page for the command list. (ZRT-619)
Information: When applicable Min-max layer allow_pin_connection mode will allow paths of length 5.32 outside the layer range. (ZRT-707)
Information: When applicable Min-max layer allow_pin_connection mode will allow paths of length 5.32 outside the layer range on clock nets. (ZRT-718)
Information: When applicable layer based tapering will taper up to 0.00 in distance from the pin. (ZRT-706)


Start checking for open nets ... 

Total number of nets = 364, of which 0 are not extracted
Total number of open nets = 0, of which 0 are frozen

Check 364 nets, 0 have Errors

[CHECK OPEN NETS] Elapsed real time: 0:00:00 
[CHECK OPEN NETS] Elapsed cpu  time: sys=0:00:00 usr=0:00:00 total=0:00:00
[CHECK OPEN NETS] Stage (MB): Used    0  Alloctr    0  Proc    0 
[CHECK OPEN NETS] Total (MB): Used   22  Alloctr   22  Proc 8409 
Printing options for 'route.common.*'
common.eco_route_fix_existing_drc                       :	 true                
common.verbose_level                                    :	 0                   

Printing options for 'route.detail.*'
detail.antenna                                          :	 true                
detail.eco_route_use_soft_spacing_for_timing_optimization:	 true                
detail.timing_driven                                    :	 false               

Printing options for 'route.auto_via_ladder.*'


Begin full DRC check ...

Information: Using 1 threads for routing. (ZRT-444)
Checked	1/1 Partitions, Violations =	21
[DRC CHECK] Elapsed real time: 0:00:00 
[DRC CHECK] Elapsed cpu  time: sys=0:00:00 usr=0:00:00 total=0:00:00
[DRC CHECK] Stage (MB): Used    0  Alloctr    0  Proc    0 
[DRC CHECK] Total (MB): Used   91  Alloctr   92  Proc 8409 
Warning: No antenna rules defined, Skip antenna analysis. (ZRT-309)

DRC-SUMMARY:
	@@@@@@@ TOTAL VIOLATIONS =	21
	Diff net spacing : 2
	Less than minimum area : 3
	Needs fat contact : 8
	Off-grid : 8


Total Wire Length =                    2869 micron
Total Number of Contacts =             2139
Total Number of Wires =                1926
Total Number of PtConns =              350
Total Number of Routed Wires =       1909
Total Routed Wire Length =           2828 micron
Total Number of Routed Contacts =       2139
	Layer                 M1 :          2 micron
	Layer                 M2 :       1301 micron
	Layer                 M3 :       1353 micron
	Layer                 M4 :         30 micron
	Layer                 M5 :        101 micron
	Layer                 M6 :         41 micron
	Layer                 M7 :          0 micron
	Layer                 M8 :          0 micron
	Layer                 M9 :          0 micron
	Layer               MRDL :          0 micron
	Via            VIA56SQ_C :         24
	Via       VIA45SQ_C(rot) :         33
	Via            VIA34SQ_C :         42
	Via            VIA23SQ_C :          3
	Via       VIA23SQ_C(rot) :        965
	Via            VIA12SQ_C :        970
	Via       VIA12SQ_C(rot) :         91
	Via        VIA12SQ_C_2x1 :          3
	Via   VIA12SQ_C(rot)_1x2 :          2
	Via        VIA12SQ_C_1x2 :          1
	Via     VIA12SQ(rot)_2x1 :          1
	Via          VIA12SQ_1x2 :          4

 
Redundant via conversion report:
--------------------------------

  Total optimized via conversion rate =  0.51% (11 / 2139 vias)
 
    Layer VIA1       =  1.03% (11     / 1072    vias)
        Weight 1     =  1.03% (11      vias)
        Un-optimized =  0.00% (0       vias)
        Un-mapped    = 98.97% (1061    vias)
    Layer VIA2       =  0.00% (0      / 968     vias)
        Un-optimized =  0.00% (0       vias)
        Un-mapped    = 100.00% (968     vias)
    Layer VIA3       =  0.00% (0      / 42      vias)
        Un-optimized =  0.00% (0       vias)
        Un-mapped    = 100.00% (42      vias)
    Layer VIA4       =  0.00% (0      / 33      vias)
        Un-optimized =  0.00% (0       vias)
        Un-mapped    = 100.00% (33      vias)
    Layer VIA5       =  0.00% (0      / 24      vias)
        Un-optimized =  0.00% (0       vias)
        Un-mapped    = 100.00% (24      vias)
 
  Total double via conversion rate    =  0.51% (11 / 2139 vias)
 
    Layer VIA1       =  1.03% (11     / 1072    vias)
    Layer VIA2       =  0.00% (0      / 968     vias)
    Layer VIA3       =  0.00% (0      / 42      vias)
    Layer VIA4       =  0.00% (0      / 33      vias)
    Layer VIA5       =  0.00% (0      / 24      vias)
 
  The optimized via conversion rate based on total routed via count =  0.51% (11 / 2139 vias)
 
    Layer VIA1       =  1.03% (11     / 1072    vias)
        Weight 1     =  1.03% (11      vias)
        Un-optimized =  0.00% (0       vias)
        Un-mapped    = 98.97% (1061    vias)
    Layer VIA2       =  0.00% (0      / 968     vias)
        Un-optimized =  0.00% (0       vias)
        Un-mapped    = 100.00% (968     vias)
    Layer VIA3       =  0.00% (0      / 42      vias)
        Un-optimized =  0.00% (0       vias)
        Un-mapped    = 100.00% (42      vias)
    Layer VIA4       =  0.00% (0      / 33      vias)
        Un-optimized =  0.00% (0       vias)
        Un-mapped    = 100.00% (33      vias)
    Layer VIA5       =  0.00% (0      / 24      vias)
        Un-optimized =  0.00% (0       vias)
        Un-mapped    = 100.00% (24      vias)
 


Verify Summary:

Total number of nets = 364, of which 0 are not extracted
Total number of open nets = 0, of which 0 are frozen
Total number of excluded ports = 0 ports of 0 unplaced cells connected to 0 nets
                                 0 ports without pins of 0 cells connected to 0 nets
                                 0 ports of 0 cover cells connected to 0 non-pg nets
Total number of DRCs = 21
Total number of antenna violations = no antenna rules defined
Total number of tie to rail violations = not checked
Total number of tie to rail directly violations = not checked


