[icc2-lic Thu Feb 12 05:25:59 2026] Command 'report_timing' requires licenses
[icc2-lic Thu Feb 12 05:25:59 2026] Attempting to check-out alternate set of keys directly with queueing
[icc2-lic Thu Feb 12 05:25:59 2026] Sending count request for 'ICCompilerII-8' 
[icc2-lic Thu Feb 12 05:25:59 2026] Count request for 'ICCompilerII-8' returned 1 
[icc2-lic Thu Feb 12 05:25:59 2026] Sending check-out request for 'ICCompilerII-8' (1) with wait option
[icc2-lic Thu Feb 12 05:25:59 2026] Check-out request for 'ICCompilerII-8' with wait option succeeded
[icc2-lic Thu Feb 12 05:25:59 2026] Sending checkout check request for 'ICCompilerII-8' 
[icc2-lic Thu Feb 12 05:25:59 2026] Checkout check request for 'ICCompilerII-8' returned 0 
[icc2-lic Thu Feb 12 05:25:59 2026] Sending count request for 'ICCompilerII-8' 
[icc2-lic Thu Feb 12 05:25:59 2026] Count request for 'ICCompilerII-8' returned 1 
[icc2-lic Thu Feb 12 05:25:59 2026] Sending count request for 'ICCompilerII-NX' 
[icc2-lic Thu Feb 12 05:25:59 2026] Count request for 'ICCompilerII-NX' returned 1 
[icc2-lic Thu Feb 12 05:25:59 2026] Sending check-out request for 'ICCompilerII-NX' (1) with wait option
[icc2-lic Thu Feb 12 05:25:59 2026] Check-out request for 'ICCompilerII-NX' with wait option succeeded
[icc2-lic Thu Feb 12 05:25:59 2026] Sending checkout check request for 'ICCompilerII-NX' 
[icc2-lic Thu Feb 12 05:25:59 2026] Checkout check request for 'ICCompilerII-NX' returned 0 
[icc2-lic Thu Feb 12 05:25:59 2026] Sending count request for 'ICCompilerII-NX' 
[icc2-lic Thu Feb 12 05:25:59 2026] Count request for 'ICCompilerII-NX' returned 1 
[icc2-lic Thu Feb 12 05:25:59 2026] Check-out of alternate set of keys directly with queueing was successful
SI analysis is not enabled, so delta delays are unavailable.
Warning: Scenario Normal_Slow_LowV_LT is not configured for hold analysis: skipping. (UIC-058)
****************************************
Report : timing
        -path_type full
        -delay_type min
        -max_paths 10
        -report_by design
        -input_pins
        -nets
        -transition_time
        -capacitance
        -crosstalk_delta
        -attributes
Design : Duplex
Version: U-2022.12-SP3
Date   : Thu Feb 12 05:25:59 2026
****************************************

  Startpoint: parity_type[1] (input port clocked by clock)
  Endpoint: error_flag[0] (output port clocked by clock)
  Mode: Normal
  Corner: Fast_HighV_HT
  Scenario: Normal_Fast_HighV_HT
  Path Group: **in2out_default**
  Path Type: min


Attributes
    b - black-box (unknown)
    s - size_only
    d - dont_touch
    u - dont_use
    g - generic
    h - hierarchical
    i - ideal
    n - noncombinational
    E - extracted timing model
    Q - Quick timing model


  Point                                          Fanout    Cap      Trans    Delta     Incr      Path       Attributes
  --------------------------------------------------------------------------------------------------------------------------
  clock clock (rise edge)                                                              0.00      0.00
  clock network delay (propagated)                                                     0.00      0.00
  input external delay                                                                 0.00      0.00 f
  parity_type[1] (in)                                                0.00              0.00      0.00 f
  parity_type[1] (net)                              2      2.74
  Reciever/Unit4/U13/A2 (OR3X1_RVT)                                  0.00              0.00      0.00 f
  Reciever/Unit4/U13/Y (OR3X1_RVT)                                   0.01              0.02      0.02 f
  Reciever/Unit4/n5 (net)                           1      0.51
  Reciever/Unit4/U11/A1 (NAND3X1_RVT)                                0.01              0.00      0.02 f
  Reciever/Unit4/U11/Y (NAND3X1_RVT)                                 0.02              0.04      0.06 r
  Reciever/Unit4/n4 (net)                           1      1.42
  Reciever/Unit4/U10/A2 (AND2X1_RVT)                                 0.02              0.00      0.06 r
  Reciever/Unit4/U10/Y (AND2X1_RVT)                                  0.02              0.02      0.09 r
  Reciever/Unit4/error_flag[0] (net)                1      1.47
  error_flag[0] (out)                                                0.02              0.00      0.09 r
  data arrival time                                                                              0.09

  clock clock (rise edge)                                                              0.00      0.00
  clock network delay (propagated)                                                     0.00      0.00
  clock uncertainty                                                                    0.10      0.10
  output external delay                                                                0.00      0.10
  data required time                                                                             0.10
  --------------------------------------------------------------------------------------------------------------------------
  data required time                                                                             0.10
  data arrival time                                                                             -0.09
  --------------------------------------------------------------------------------------------------------------------------
  slack (VIOLATED)                                                                              -0.01



  Startpoint: Transmitter/Unit1/clock_ticks_reg[0] (rising edge-triggered flip-flop clocked by clock)
  Endpoint: Transmitter/Unit1/clock_ticks_reg[0] (rising edge-triggered flip-flop clocked by clock)
  Mode: Normal
  Corner: Fast_HighV_HT
  Scenario: Normal_Fast_HighV_HT
  Path Group: clock
  Path Type: min


Attributes
    b - black-box (unknown)
    s - size_only
    d - dont_touch
    u - dont_use
    g - generic
    h - hierarchical
    i - ideal
    n - noncombinational
    E - extracted timing model
    Q - Quick timing model


  Point                                          Fanout    Cap      Trans    Delta     Incr      Path       Attributes
  --------------------------------------------------------------------------------------------------------------------------
  clock clock (rise edge)                                                              0.00      0.00
  clock network delay (propagated)                                                     0.00      0.00

  Transmitter/Unit1/clock_ticks_reg[0]/CLK (DFFARX1_RVT)             0.00              0.00      0.00 r    s, n
  Transmitter/Unit1/clock_ticks_reg[0]/Q (DFFARX1_RVT)               0.03              0.08      0.08 r    s, n
  Transmitter/Unit1/clock_ticks[0] (net)            3      2.95
  Transmitter/Unit1/add_62/U1/A (INVX0_RVT)                          0.03              0.00      0.08 r
  Transmitter/Unit1/add_62/U1/Y (INVX0_RVT)                          0.02              0.01      0.09 f
  Transmitter/Unit1/add_62/SUM[0] (net)             1      0.64
  Transmitter/Unit1/U31/A1 (AND2X1_RVT)                              0.02              0.00      0.09 f
  Transmitter/Unit1/U31/Y (AND2X1_RVT)                               0.01              0.02      0.12 f
  Transmitter/Unit1/N32 (net)                       1      0.67
  Transmitter/Unit1/clock_ticks_reg[0]/D (DFFARX1_RVT)               0.01              0.00      0.12 f    s, n
  data arrival time                                                                              0.12

  clock clock (rise edge)                                                              0.00      0.00
  clock network delay (propagated)                                                     0.00      0.00
  Transmitter/Unit1/clock_ticks_reg[0]/CLK (DFFARX1_RVT)             0.00              0.00      0.00 r    s, n
  clock uncertainty                                                                    0.10      0.10
  library hold time                                                                    0.00      0.10
  data required time                                                                             0.10
  --------------------------------------------------------------------------------------------------------------------------
  data required time                                                                             0.10
  data arrival time                                                                             -0.12
  --------------------------------------------------------------------------------------------------------------------------
  slack (MET)                                                                                    0.01



  Startpoint: Reciever/Unit1/clock_ticks_reg[0] (rising edge-triggered flip-flop clocked by clock)
  Endpoint: Reciever/Unit1/clock_ticks_reg[0] (rising edge-triggered flip-flop clocked by clock)
  Mode: Normal
  Corner: Fast_HighV_HT
  Scenario: Normal_Fast_HighV_HT
  Path Group: clock
  Path Type: min


Attributes
    b - black-box (unknown)
    s - size_only
    d - dont_touch
    u - dont_use
    g - generic
    h - hierarchical
    i - ideal
    n - noncombinational
    E - extracted timing model
    Q - Quick timing model


  Point                                          Fanout    Cap      Trans    Delta     Incr      Path       Attributes
  --------------------------------------------------------------------------------------------------------------------------
  clock clock (rise edge)                                                              0.00      0.00
  clock network delay (propagated)                                                     0.00      0.00

  Reciever/Unit1/clock_ticks_reg[0]/CLK (DFFARX1_RVT)                0.00              0.00      0.00 r    s, n
  Reciever/Unit1/clock_ticks_reg[0]/Q (DFFARX1_RVT)                  0.03              0.08      0.08 r    s, n
  Reciever/Unit1/clock_ticks[0] (net)               3      3.26
  Reciever/Unit1/add_62/U1/A (INVX0_RVT)                             0.03              0.00      0.08 r
  Reciever/Unit1/add_62/U1/Y (INVX0_RVT)                             0.02              0.01      0.09 f
  Reciever/Unit1/add_62/SUM[0] (net)                1      0.56
  Reciever/Unit1/U25/A1 (AND2X1_RVT)                                 0.02              0.00      0.09 f
  Reciever/Unit1/U25/Y (AND2X1_RVT)                                  0.01              0.02      0.12 f
  Reciever/Unit1/N29 (net)                          1      0.68
  Reciever/Unit1/clock_ticks_reg[0]/D (DFFARX1_RVT)                  0.01              0.00      0.12 f    s, n
  data arrival time                                                                              0.12

  clock clock (rise edge)                                                              0.00      0.00
  clock network delay (propagated)                                                     0.00      0.00
  Reciever/Unit1/clock_ticks_reg[0]/CLK (DFFARX1_RVT)                0.00              0.00      0.00 r    s, n
  clock uncertainty                                                                    0.10      0.10
  library hold time                                                                    0.00      0.10
  data required time                                                                             0.10
  --------------------------------------------------------------------------------------------------------------------------
  data required time                                                                             0.10
  data arrival time                                                                             -0.12
  --------------------------------------------------------------------------------------------------------------------------
  slack (MET)                                                                                    0.01



  Startpoint: Transmitter/Unit1/baud_clk_reg (rising edge-triggered flip-flop clocked by clock)
  Endpoint: Transmitter/Unit1/baud_clk_reg (rising edge-triggered flip-flop clocked by clock)
  Mode: Normal
  Corner: Fast_HighV_HT
  Scenario: Normal_Fast_HighV_HT
  Path Group: clock
  Path Type: min


Attributes
    b - black-box (unknown)
    s - size_only
    d - dont_touch
    u - dont_use
    g - generic
    h - hierarchical
    i - ideal
    n - noncombinational
    E - extracted timing model
    Q - Quick timing model


  Point                                          Fanout    Cap      Trans    Delta     Incr      Path       Attributes
  --------------------------------------------------------------------------------------------------------------------------
  clock clock (rise edge)                                                              0.00      0.00
  clock network delay (propagated)                                                     0.00      0.00

  Transmitter/Unit1/baud_clk_reg/CLK (DFFARX1_RVT)                   0.00              0.00      0.00 r    s, n
  Transmitter/Unit1/baud_clk_reg/Q (DFFARX1_RVT)                     0.04              0.09      0.09 f    s, n
  Transmitter/Unit1/baud_clk (net)                  6      5.35
  Transmitter/Unit1/U4/A1 (XNOR2X1_RVT)                              0.04              0.00      0.09 f
  Transmitter/Unit1/U4/Y (XNOR2X1_RVT)                               0.02              0.03      0.13 f
  Transmitter/Unit1/N46 (net)                       1      0.61
  Transmitter/Unit1/baud_clk_reg/D (DFFARX1_RVT)                     0.02              0.00      0.13 f    s, n
  data arrival time                                                                              0.13

  clock clock (rise edge)                                                              0.00      0.00
  clock network delay (propagated)                                                     0.00      0.00
  Transmitter/Unit1/baud_clk_reg/CLK (DFFARX1_RVT)                   0.00              0.00      0.00 r    s, n
  clock uncertainty                                                                    0.10      0.10
  library hold time                                                                   -0.00      0.10
  data required time                                                                             0.10
  --------------------------------------------------------------------------------------------------------------------------
  data required time                                                                             0.10
  data arrival time                                                                             -0.13
  --------------------------------------------------------------------------------------------------------------------------
  slack (MET)                                                                                    0.03



  Startpoint: Transmitter/Unit1/clock_ticks_reg[4] (rising edge-triggered flip-flop clocked by clock)
  Endpoint: Transmitter/Unit1/clock_ticks_reg[4] (rising edge-triggered flip-flop clocked by clock)
  Mode: Normal
  Corner: Fast_HighV_HT
  Scenario: Normal_Fast_HighV_HT
  Path Group: clock
  Path Type: min


Attributes
    b - black-box (unknown)
    s - size_only
    d - dont_touch
    u - dont_use
    g - generic
    h - hierarchical
    i - ideal
    n - noncombinational
    E - extracted timing model
    Q - Quick timing model


  Point                                          Fanout    Cap      Trans    Delta     Incr      Path       Attributes
  --------------------------------------------------------------------------------------------------------------------------
  clock clock (rise edge)                                                              0.00      0.00
  clock network delay (propagated)                                                     0.00      0.00

  Transmitter/Unit1/clock_ticks_reg[4]/CLK (DFFARX1_RVT)             0.00              0.00      0.00 r    s, n
  Transmitter/Unit1/clock_ticks_reg[4]/Q (DFFARX1_RVT)               0.02              0.08      0.08 r    s, n
  Transmitter/Unit1/clock_ticks[4] (net)            2      1.82
  Transmitter/Unit1/add_62/U1_1_4/A0 (HADDX1_RVT)                    0.02              0.00      0.08 r
  Transmitter/Unit1/add_62/U1_1_4/SO (HADDX1_RVT)                    0.01              0.03      0.10 r
  Transmitter/Unit1/add_62/SUM[4] (net)             1      0.53
  Transmitter/Unit1/U27/A1 (AND2X1_RVT)                              0.01              0.00      0.10 r
  Transmitter/Unit1/U27/Y (AND2X1_RVT)                               0.01              0.02      0.12 r
  Transmitter/Unit1/N36 (net)                       1      0.77
  Transmitter/Unit1/clock_ticks_reg[4]/D (DFFARX1_RVT)               0.01              0.00      0.12 r    s, n
  data arrival time                                                                              0.12

  clock clock (rise edge)                                                              0.00      0.00
  clock network delay (propagated)                                                     0.00      0.00
  Transmitter/Unit1/clock_ticks_reg[4]/CLK (DFFARX1_RVT)             0.00              0.00      0.00 r    s, n
  clock uncertainty                                                                    0.10      0.10
  library hold time                                                                   -0.01      0.09
  data required time                                                                             0.09
  --------------------------------------------------------------------------------------------------------------------------
  data required time                                                                             0.09
  data arrival time                                                                             -0.12
  --------------------------------------------------------------------------------------------------------------------------
  slack (MET)                                                                                    0.03



  Startpoint: Transmitter/Unit1/clock_ticks_reg[3] (rising edge-triggered flip-flop clocked by clock)
  Endpoint: Transmitter/Unit1/clock_ticks_reg[3] (rising edge-triggered flip-flop clocked by clock)
  Mode: Normal
  Corner: Fast_HighV_HT
  Scenario: Normal_Fast_HighV_HT
  Path Group: clock
  Path Type: min


Attributes
    b - black-box (unknown)
    s - size_only
    d - dont_touch
    u - dont_use
    g - generic
    h - hierarchical
    i - ideal
    n - noncombinational
    E - extracted timing model
    Q - Quick timing model


  Point                                          Fanout    Cap      Trans    Delta     Incr      Path       Attributes
  --------------------------------------------------------------------------------------------------------------------------
  clock clock (rise edge)                                                              0.00      0.00
  clock network delay (propagated)                                                     0.00      0.00

  Transmitter/Unit1/clock_ticks_reg[3]/CLK (DFFARX1_RVT)             0.00              0.00      0.00 r    s, n
  Transmitter/Unit1/clock_ticks_reg[3]/Q (DFFARX1_RVT)               0.02              0.08      0.08 r    s, n
  Transmitter/Unit1/clock_ticks[3] (net)            2      1.86
  Transmitter/Unit1/add_62/U1_1_3/A0 (HADDX1_RVT)                    0.02              0.00      0.08 r
  Transmitter/Unit1/add_62/U1_1_3/SO (HADDX1_RVT)                    0.01              0.03      0.10 r
  Transmitter/Unit1/add_62/SUM[3] (net)             1      0.49
  Transmitter/Unit1/U28/A1 (AND2X1_RVT)                              0.01              0.00      0.10 r
  Transmitter/Unit1/U28/Y (AND2X1_RVT)                               0.01              0.02      0.12 r
  Transmitter/Unit1/N35 (net)                       1      0.77
  Transmitter/Unit1/clock_ticks_reg[3]/D (DFFARX1_RVT)               0.01              0.00      0.12 r    s, n
  data arrival time                                                                              0.12

  clock clock (rise edge)                                                              0.00      0.00
  clock network delay (propagated)                                                     0.00      0.00
  Transmitter/Unit1/clock_ticks_reg[3]/CLK (DFFARX1_RVT)             0.00              0.00      0.00 r    s, n
  clock uncertainty                                                                    0.10      0.10
  library hold time                                                                   -0.01      0.09
  data required time                                                                             0.09
  --------------------------------------------------------------------------------------------------------------------------
  data required time                                                                             0.09
  data arrival time                                                                             -0.12
  --------------------------------------------------------------------------------------------------------------------------
  slack (MET)                                                                                    0.03



  Startpoint: Transmitter/Unit1/clock_ticks_reg[11] (rising edge-triggered flip-flop clocked by clock)
  Endpoint: Transmitter/Unit1/clock_ticks_reg[11] (rising edge-triggered flip-flop clocked by clock)
  Mode: Normal
  Corner: Fast_HighV_HT
  Scenario: Normal_Fast_HighV_HT
  Path Group: clock
  Path Type: min


Attributes
    b - black-box (unknown)
    s - size_only
    d - dont_touch
    u - dont_use
    g - generic
    h - hierarchical
    i - ideal
    n - noncombinational
    E - extracted timing model
    Q - Quick timing model


  Point                                          Fanout    Cap      Trans    Delta     Incr      Path       Attributes
  --------------------------------------------------------------------------------------------------------------------------
  clock clock (rise edge)                                                              0.00      0.00
  clock network delay (propagated)                                                     0.00      0.00

  Transmitter/Unit1/clock_ticks_reg[11]/CLK (DFFARX1_RVT)            0.00              0.00      0.00 r    s, n
  Transmitter/Unit1/clock_ticks_reg[11]/Q (DFFARX1_RVT)              0.03              0.08      0.08 r    s, n
  Transmitter/Unit1/clock_ticks[11] (net)           2      2.11
  Transmitter/Unit1/add_62/U1_1_11/A0 (HADDX1_RVT)                   0.03              0.00      0.08 r
  Transmitter/Unit1/add_62/U1_1_11/SO (HADDX1_RVT)                   0.02              0.03      0.11 f
  Transmitter/Unit1/add_62/SUM[11] (net)            1      0.49
  Transmitter/Unit1/U20/A1 (AND2X1_RVT)                              0.02              0.00      0.11 f
  Transmitter/Unit1/U20/Y (AND2X1_RVT)                               0.01              0.02      0.14 f
  Transmitter/Unit1/N43 (net)                       1      0.60
  Transmitter/Unit1/clock_ticks_reg[11]/D (DFFARX1_RVT)              0.01              0.00      0.14 f    s, n
  data arrival time                                                                              0.14

  clock clock (rise edge)                                                              0.00      0.00
  clock network delay (propagated)                                                     0.00      0.00
  Transmitter/Unit1/clock_ticks_reg[11]/CLK (DFFARX1_RVT)            0.00              0.00      0.00 r    s, n
  clock uncertainty                                                                    0.10      0.10
  library hold time                                                                    0.00      0.10
  data required time                                                                             0.10
  --------------------------------------------------------------------------------------------------------------------------
  data required time                                                                             0.10
  data arrival time                                                                             -0.14
  --------------------------------------------------------------------------------------------------------------------------
  slack (MET)                                                                                    0.03



  Startpoint: Reciever/Unit1/clock_ticks_reg[8] (rising edge-triggered flip-flop clocked by clock)
  Endpoint: Reciever/Unit1/clock_ticks_reg[8] (rising edge-triggered flip-flop clocked by clock)
  Mode: Normal
  Corner: Fast_HighV_HT
  Scenario: Normal_Fast_HighV_HT
  Path Group: clock
  Path Type: min


Attributes
    b - black-box (unknown)
    s - size_only
    d - dont_touch
    u - dont_use
    g - generic
    h - hierarchical
    i - ideal
    n - noncombinational
    E - extracted timing model
    Q - Quick timing model


  Point                                          Fanout    Cap      Trans    Delta     Incr      Path       Attributes
  --------------------------------------------------------------------------------------------------------------------------
  clock clock (rise edge)                                                              0.00      0.00
  clock network delay (propagated)                                                     0.00      0.00

  Reciever/Unit1/clock_ticks_reg[8]/CLK (DFFARX1_RVT)                0.00              0.00      0.00 r    s, n
  Reciever/Unit1/clock_ticks_reg[8]/Q (DFFARX1_RVT)                  0.03              0.08      0.08 r    s, n
  Reciever/Unit1/clock_ticks[8] (net)               2      2.08
  Reciever/Unit1/add_62/U1_1_8/A0 (HADDX1_RVT)                       0.03              0.00      0.08 r
  Reciever/Unit1/add_62/U1_1_8/SO (HADDX1_RVT)                       0.01              0.03      0.10 r
  Reciever/Unit1/add_62/SUM[8] (net)                1      0.41
  Reciever/Unit1/U17/A1 (AND2X1_RVT)                                 0.01              0.00      0.10 r
  Reciever/Unit1/U17/Y (AND2X1_RVT)                                  0.01              0.02      0.13 r
  Reciever/Unit1/N37 (net)                          1      0.77
  Reciever/Unit1/clock_ticks_reg[8]/D (DFFARX1_RVT)                  0.01              0.00      0.13 r    s, n
  data arrival time                                                                              0.13

  clock clock (rise edge)                                                              0.00      0.00
  clock network delay (propagated)                                                     0.00      0.00
  Reciever/Unit1/clock_ticks_reg[8]/CLK (DFFARX1_RVT)                0.00              0.00      0.00 r    s, n
  clock uncertainty                                                                    0.10      0.10
  library hold time                                                                   -0.01      0.09
  data required time                                                                             0.09
  --------------------------------------------------------------------------------------------------------------------------
  data required time                                                                             0.09
  data arrival time                                                                             -0.13
  --------------------------------------------------------------------------------------------------------------------------
  slack (MET)                                                                                    0.03



  Startpoint: Transmitter/Unit1/clock_ticks_reg[6] (rising edge-triggered flip-flop clocked by clock)
  Endpoint: Transmitter/Unit1/clock_ticks_reg[6] (rising edge-triggered flip-flop clocked by clock)
  Mode: Normal
  Corner: Fast_HighV_HT
  Scenario: Normal_Fast_HighV_HT
  Path Group: clock
  Path Type: min


Attributes
    b - black-box (unknown)
    s - size_only
    d - dont_touch
    u - dont_use
    g - generic
    h - hierarchical
    i - ideal
    n - noncombinational
    E - extracted timing model
    Q - Quick timing model


  Point                                          Fanout    Cap      Trans    Delta     Incr      Path       Attributes
  --------------------------------------------------------------------------------------------------------------------------
  clock clock (rise edge)                                                              0.00      0.00
  clock network delay (propagated)                                                     0.00      0.00

  Transmitter/Unit1/clock_ticks_reg[6]/CLK (DFFARX1_RVT)             0.00              0.00      0.00 r    s, n
  Transmitter/Unit1/clock_ticks_reg[6]/Q (DFFARX1_RVT)               0.02              0.08      0.08 r    s, n
  Transmitter/Unit1/clock_ticks[6] (net)            2      1.75
  Transmitter/Unit1/add_62/U1_1_6/A0 (HADDX1_RVT)                    0.02              0.00      0.08 r
  Transmitter/Unit1/add_62/U1_1_6/SO (HADDX1_RVT)                    0.02              0.03      0.10 r
  Transmitter/Unit1/add_62/SUM[6] (net)             1      0.74
  Transmitter/Unit1/U25/A1 (AND2X1_RVT)                              0.02              0.00      0.10 r
  Transmitter/Unit1/U25/Y (AND2X1_RVT)                               0.01              0.02      0.13 r
  Transmitter/Unit1/N38 (net)                       1      0.77
  Transmitter/Unit1/clock_ticks_reg[6]/D (DFFARX1_RVT)               0.01              0.00      0.13 r    s, n
  data arrival time                                                                              0.13

  clock clock (rise edge)                                                              0.00      0.00
  clock network delay (propagated)                                                     0.00      0.00
  Transmitter/Unit1/clock_ticks_reg[6]/CLK (DFFARX1_RVT)             0.00              0.00      0.00 r    s, n
  clock uncertainty                                                                    0.10      0.10
  library hold time                                                                   -0.01      0.09
  data required time                                                                             0.09
  --------------------------------------------------------------------------------------------------------------------------
  data required time                                                                             0.09
  data arrival time                                                                             -0.13
  --------------------------------------------------------------------------------------------------------------------------
  slack (MET)                                                                                    0.03



  Startpoint: Reciever/Unit1/clock_ticks_reg[5] (rising edge-triggered flip-flop clocked by clock)
  Endpoint: Reciever/Unit1/clock_ticks_reg[5] (rising edge-triggered flip-flop clocked by clock)
  Mode: Normal
  Corner: Fast_HighV_HT
  Scenario: Normal_Fast_HighV_HT
  Path Group: clock
  Path Type: min


Attributes
    b - black-box (unknown)
    s - size_only
    d - dont_touch
    u - dont_use
    g - generic
    h - hierarchical
    i - ideal
    n - noncombinational
    E - extracted timing model
    Q - Quick timing model


  Point                                          Fanout    Cap      Trans    Delta     Incr      Path       Attributes
  --------------------------------------------------------------------------------------------------------------------------
  clock clock (rise edge)                                                              0.00      0.00
  clock network delay (propagated)                                                     0.00      0.00

  Reciever/Unit1/clock_ticks_reg[5]/CLK (DFFARX1_RVT)                0.00              0.00      0.00 r    s, n
  Reciever/Unit1/clock_ticks_reg[5]/Q (DFFARX1_RVT)                  0.03              0.08      0.08 r    s, n
  Reciever/Unit1/clock_ticks[5] (net)               2      2.05
  Reciever/Unit1/add_62/U1_1_5/A0 (HADDX1_RVT)                       0.03              0.00      0.08 r
  Reciever/Unit1/add_62/U1_1_5/SO (HADDX1_RVT)                       0.01              0.03      0.10 r
  Reciever/Unit1/add_62/SUM[5] (net)                1      0.55
  Reciever/Unit1/U20/A1 (AND2X1_RVT)                                 0.01              0.00      0.10 r
  Reciever/Unit1/U20/Y (AND2X1_RVT)                                  0.01              0.02      0.13 r
  Reciever/Unit1/N34 (net)                          1      0.79
  Reciever/Unit1/clock_ticks_reg[5]/D (DFFARX1_RVT)                  0.01              0.00      0.13 r    s, n
  data arrival time                                                                              0.13

  clock clock (rise edge)                                                              0.00      0.00
  clock network delay (propagated)                                                     0.00      0.00
  Reciever/Unit1/clock_ticks_reg[5]/CLK (DFFARX1_RVT)                0.00              0.00      0.00 r    s, n
  clock uncertainty                                                                    0.10      0.10
  library hold time                                                                   -0.01      0.09
  data required time                                                                             0.09
  --------------------------------------------------------------------------------------------------------------------------
  data required time                                                                             0.09
  data arrival time                                                                             -0.13
  --------------------------------------------------------------------------------------------------------------------------
  slack (MET)                                                                                    0.03


1
